[www.tapsoba.ga/index.html]
[backblue.gif]
[fade.gif]
[index.html]
[www.tapsoba.ga/fonts.googleapis.com/cssd5a5d5a5.css]
[www.tapsoba.ga/0.jpg]
[www.tapsoba.ga/main.pdf]
[perfectpixelweb.com/profile/assets/img/portfolio/1.jpg]
[perfectpixelweb.com/profile/assets/img/portfolio/2.jpg]
[perfectpixelweb.com/profile/assets/img/portfolio/3.jpg]
[perfectpixelweb.com/profile/assets/img/portfolio/4.jpg]
[perfectpixelweb.com/profile/assets/img/portfolio/5.jpg]
[perfectpixelweb.com/profile/assets/img/portfolio/6.jpg]
[perfectpixelweb.com/profile/assets/img/client-logos/1.png]
[perfectpixelweb.com/profile/assets/img/client-logos/2.png]
[perfectpixelweb.com/profile/assets/img/client-logos/3.png]
[perfectpixelweb.com/profile/assets/img/client-logos/4.png]
[perfectpixelweb.com/profile/assets/img/client-logos/5.png]
[perfectpixelweb.com/profile/assets/img/client-logos/6.png]
[perfectpixelweb.com/profile/assets/js/jquery-1.12.4.min.js]
[perfectpixelweb.com/profile/assets/bootstrap/js/bootstrap.min.js]
[perfectpixelweb.com/profile/assets/js/jquery.easing.min.js]
[perfectpixelweb.com/profile/assets/js/jquery.easypiechart.js]
[perfectpixelweb.com/profile/assets/js/typed.min.js]
[perfectpixelweb.com/profile/assets/js/classie.js]
[perfectpixelweb.com/profile/assets/js/cbpAnimatedHeader.js]
[perfectpixelweb.com/profile/assets/js/waypoints.min.js]
[perfectpixelweb.com/profile/assets/js/jquery.counterup.min.js]
[perfectpixelweb.com/profile/assets/js/wow.min.js]
[perfectpixelweb.com/profile/assets/js/owl.carousel.min.js]
[perfectpixelweb.com/profile/assets/js/jqBootstrapValidation.js]
[perfectpixelweb.com/profile/assets/js/contact_me.js]
[perfectpixelweb.com/profile/assets/js/scripts.js]
[www.tapsoba.ga/index.html]
[www.tapsoba.ga/fonts.googleapis.com/cssd5a5d5a5.css]
[perfectpixelweb.com/profile/assets/css/font-awesome.min.css]
[perfectpixelweb.com/profile/assets/css/etlinefont.css]
[perfectpixelweb.com/profile/assets/css/owl.carousel.css]
[perfectpixelweb.com/profile/assets/css/animate.css]
[perfectpixelweb.com/profile/assets/bootstrap/css/bootstrap.min.css]
[perfectpixelweb.com/profile/assets/img/welcome-bg.jpg]
[perfectpixelweb.com/profile/assets/img/skills.png]
[perfectpixelweb.com/profile/assets/img/counter-bg.jpg]
[perfectpixelweb.com/profile/assets/img/contact-bg.jpg]
[perfectpixelweb.com/profile/assets/css/style.css]
[www.tapsoba.ga/CV_TAPSOBA.html]
[perfectpixelweb.com/profile/assets/css/grabbing.html]
